\BOOKMARK [0][-]{chapter*.3}{\376\377\000A\000c\000k\000n\000o\000w\000l\000e\000d\000g\000m\000e\000n\000t\000s}{}% 1
\BOOKMARK [1][-]{section*.4}{\376\377\000G\000e\000n\000e\000r\000a\000l\000\040\000I\000n\000t\000r\000o\000d\000u\000c\000t\000i\000o\000n}{chapter*.3}% 2
\BOOKMARK [0][-]{chapter.1}{\376\377\000P\000r\000e\000l\000i\000m\000i\000n\000a\000r\000y\000\040\000a\000n\000a\000l\000y\000s\000i\000s}{}% 3
\BOOKMARK [1][-]{section.1.1}{\376\377\000P\000r\000e\000s\000e\000n\000t\000a\000t\000i\000o\000n\000\040\000o\000f\000\040\000t\000h\000e\000\040\000e\000n\000t\000e\000r\000p\000r\000i\000s\000e\000s}{chapter.1}% 4
\BOOKMARK [2][-]{subsection.1.1.1}{\376\377\000T\000e\000c\000h\000n\000i\000q\000u\000e\000\040\000S\000o\000l\000u\000t\000i\000o\000n\000\040\000E\000t\000\040\000I\000n\000n\000o\000v\000a\000t\000i\000o\000n\000\040\000I\000n\000d\000u\000s\000t\000r\000i\000e\000l\000\040\000\050\000T\000S\0002\000I\000\051}{section.1.1}% 5
\BOOKMARK [2][-]{subsection.1.1.2}{\376\377\000T\000E\000S\000C\000A}{section.1.1}% 6
\BOOKMARK [3][-]{subsubsection.1.1.2.1}{\376\377\000P\000r\000e\000s\000e\000n\000t\000a\000t\000i\000o\000n\000\040\000o\000f\000\040\000t\000h\000e\000\040\000c\000o\000m\000p\000a\000n\000y}{subsection.1.1.2}% 7
\BOOKMARK [3][-]{subsubsection.1.1.2.2}{\376\377\000T\000e\000c\000h\000n\000i\000c\000a\000l\000\040\000f\000i\000l\000e}{subsection.1.1.2}% 8
\BOOKMARK [3][-]{subsubsection.1.1.2.3}{\376\377\000O\000r\000g\000a\000n\000i\000z\000a\000t\000i\000o\000n\000a\000l\000\040\000c\000h\000a\000r\000t}{subsection.1.1.2}% 9
\BOOKMARK [1][-]{section.1.2}{\376\377\000C\000a\000s\000e\000\040\000s\000t\000u\000d\000y}{chapter.1}% 10
\BOOKMARK [2][-]{subsection.1.2.1}{\376\377\000O\000v\000e\000r\000v\000i\000e\000w\000\040\000o\000f\000\040\000t\000h\000e\000\040\000E\000x\000i\000s\000t\000i\000n\000g\000\040\000S\000y\000s\000t\000e\000m}{section.1.2}% 11
\BOOKMARK [2][-]{subsection.1.2.2}{\376\377\000C\000r\000i\000t\000i\000c\000i\000s\000m\000\040\000o\000f\000\040\000t\000h\000e\000\040\000e\000x\000i\000s\000t\000i\000n\000g\000\040\000s\000y\000s\000t\000e\000m}{section.1.2}% 12
\BOOKMARK [3][-]{subsubsection.1.2.2.1}{\376\377\000L\000i\000m\000i\000t\000e\000d\000\040\000D\000a\000t\000a\000\040\000A\000n\000a\000l\000y\000s\000i\000s}{subsection.1.2.2}% 13
\BOOKMARK [3][-]{subsubsection.1.2.2.2}{\376\377\000N\000o\000\040\000R\000e\000a\000l\000-\000T\000i\000m\000e\000\040\000M\000a\000n\000a\000g\000e\000r\000\040\000U\000p\000d\000a\000t\000e\000s}{subsection.1.2.2}% 14
\BOOKMARK [3][-]{subsubsection.1.2.2.3}{\376\377\000L\000i\000m\000i\000t\000e\000d\000\040\000P\000e\000r\000f\000o\000r\000m\000a\000n\000c\000e\000\040\000M\000e\000t\000r\000i\000c\000s}{subsection.1.2.2}% 15
\BOOKMARK [3][-]{subsubsection.1.2.2.4}{\376\377\000I\000n\000f\000l\000e\000x\000i\000b\000l\000e\000\040\000U\000s\000e\000r\000\040\000I\000n\000t\000e\000r\000f\000a\000c\000e\000\040\000a\000n\000d\000\040\000L\000i\000m\000i\000t\000e\000d\000\040\000A\000c\000c\000e\000s\000s}{subsection.1.2.2}% 16
\BOOKMARK [3][-]{subsubsection.1.2.2.5}{\376\377\000D\000a\000t\000a\000\040\000Q\000u\000a\000l\000i\000t\000y\000\040\000a\000n\000d\000\040\000V\000e\000r\000i\000f\000i\000c\000a\000t\000i\000o\000n}{subsection.1.2.2}% 17
\BOOKMARK [3][-]{subsubsection.1.2.2.6}{\376\377\000L\000a\000c\000k\000\040\000o\000f\000\040\000S\000e\000c\000u\000r\000i\000t\000y\000\040\000a\000n\000d\000\040\000I\000n\000t\000e\000g\000r\000a\000t\000i\000o\000n}{subsection.1.2.2}% 18
\BOOKMARK [3][-]{subsubsection.1.2.2.7}{\376\377\000S\000c\000a\000l\000a\000b\000i\000l\000i\000t\000y\000\040\000C\000o\000n\000c\000e\000r\000n\000s}{subsection.1.2.2}% 19
\BOOKMARK [1][-]{section.1.3}{\376\377\000M\000o\000d\000e\000l\000i\000n\000g\000\040\000l\000a\000n\000g\000u\000a\000g\000e\000s\000:\000\040\000S\000y\000s\000M\000l}{chapter.1}% 20
\BOOKMARK [0][-]{chapter.2}{\376\377\000A\000r\000c\000h\000i\000t\000e\000c\000t\000u\000r\000e\000\040\000a\000n\000d\000\040\000D\000e\000s\000i\000g\000n}{}% 21
\BOOKMARK [0][-]{chapter.3}{\376\377\000I\000m\000p\000l\000e\000m\000e\000n\000t\000a\000t\000i\000o\000n}{}% 22
\BOOKMARK [0][-]{chapter.4}{\376\377\000S\000Q\000L\000\040\000O\000p\000t\000i\000m\000i\000s\000a\000t\000i\000o\000n}{}% 23
\BOOKMARK [1][-]{section.4.1}{\376\377\000C\000o\000n\000t\000e\000x\000t\000\040\000a\000n\000d\000\040\000S\000y\000s\000t\000e\000m\000\040\000O\000v\000e\000r\000v\000i\000e\000w}{chapter.4}% 24
\BOOKMARK [2][-]{subsection.4.1.1}{\376\377\000C\000o\000n\000t\000e\000x\000t}{section.4.1}% 25
\BOOKMARK [2][-]{subsection.4.1.2}{\376\377\000S\000y\000s\000t\000e\000m\000\040\000O\000v\000e\000r\000v\000i\000e\000w}{section.4.1}% 26
\BOOKMARK [3][-]{subsubsection.4.1.2.1}{\376\377\000D\000a\000t\000a\000b\000a\000s\000e\000\040\000S\000t\000r\000u\000c\000t\000u\000r\000e}{subsection.4.1.2}% 27
\BOOKMARK [3][-]{subsubsection.4.1.2.2}{\376\377\000P\000r\000o\000d\000u\000c\000t\000i\000o\000n\000\040\000C\000o\000n\000t\000e\000x\000t}{subsection.4.1.2}% 28
\BOOKMARK [3][-]{subsubsection.4.1.2.3}{\376\377\000T\000h\000e\000\040\000K\000e\000y\000\040\000M\000e\000t\000r\000i\000c\000:\000\040\000P\000e\000r\000c\000e\000n\000t\000a\000g\000e\000\040\000o\000f\000\040\000D\000a\000i\000l\000y\000\040\000D\000o\000w\000n\000t\000i\000m\000e\000\040\000\050\000P\000C\000T\000\051}{subsection.4.1.2}% 29
\BOOKMARK [1][-]{section.4.2}{\376\377\000Q\000u\000e\000r\000y\000\040\000A\000:\000\040\000T\000h\000e\000\040\000O\000r\000i\000g\000i\000n\000a\000l\000\040\000I\000m\000p\000l\000e\000m\000e\000n\000t\000a\000t\000i\000o\000n}{chapter.4}% 30
\BOOKMARK [2][-]{subsection.4.2.1}{\376\377\000I\000m\000p\000l\000e\000m\000e\000n\000t\000a\000t\000i\000o\000n}{section.4.2}% 31
\BOOKMARK [2][-]{subsection.4.2.2}{\376\377\000I\000n\000i\000t\000i\000a\000l\000\040\000B\000e\000h\000a\000v\000i\000o\000r}{section.4.2}% 32
\BOOKMARK [2][-]{subsection.4.2.3}{\376\377\000T\000h\000e\000\040\000R\000o\000o\000t\000\040\000C\000a\000u\000s\000e\000:\000\040\000A\000\040\000F\000u\000l\000l\000y\000\040\000C\000o\000r\000r\000e\000l\000a\000t\000e\000d\000\040\000P\000C\000T\000\040\000S\000u\000b\000-\000q\000u\000e\000r\000y}{section.4.2}% 33
\BOOKMARK [2][-]{subsection.4.2.4}{\376\377\000S\000H\000O\000W\000\040\000P\000R\000O\000F\000I\000L\000E\000\040\000A\000n\000a\000l\000y\000s\000i\000s}{section.4.2}% 34
\BOOKMARK [1][-]{section.4.3}{\376\377\000Q\000u\000e\000r\000y\000\040\000B\000:\000\040\000O\000p\000t\000i\000m\000i\000z\000e\000d\000\040\000I\000m\000p\000l\000e\000m\000e\000n\000t\000a\000t\000i\000o\000n}{chapter.4}% 35
\BOOKMARK [2][-]{subsection.4.3.1}{\376\377\000M\000o\000t\000i\000v\000a\000t\000i\000o\000n}{section.4.3}% 36
\BOOKMARK [2][-]{subsection.4.3.2}{\376\377\000E\000x\000p\000e\000r\000i\000m\000e\000n\000t\000a\000l\000\040\000S\000e\000t\000u\000p}{section.4.3}% 37
\BOOKMARK [2][-]{subsection.4.3.3}{\376\377\000E\000x\000p\000e\000r\000i\000m\000e\000n\000t\000\040\000B\0001\000:\000\040\000S\000i\000m\000p\000l\000e\000\040\000I\000n\000d\000e\000x\000e\000s}{section.4.3}% 38
\BOOKMARK [3][-]{subsubsection.4.3.3.1}{\376\377\000H\000y\000p\000o\000t\000h\000e\000s\000i\000s}{subsection.4.3.3}% 39
\BOOKMARK [3][-]{subsubsection.4.3.3.2}{\376\377\000R\000e\000s\000u\000l\000t\000s}{subsection.4.3.3}% 40
\BOOKMARK [2][-]{subsection.4.3.4}{\376\377\000E\000x\000p\000e\000r\000i\000m\000e\000n\000t\000\040\000B\0002\000:\000\040\000F\000u\000n\000c\000t\000i\000o\000n\000a\000l\000\040\000I\000n\000d\000e\000x}{section.4.3}% 41
\BOOKMARK [3][-]{subsubsection.4.3.4.1}{\376\377\000H\000y\000p\000o\000t\000h\000e\000s\000i\000s}{subsection.4.3.4}% 42
\BOOKMARK [3][-]{subsubsection.4.3.4.2}{\376\377\000R\000e\000s\000u\000l\000t\000s}{subsection.4.3.4}% 43
\BOOKMARK [2][-]{subsection.4.3.5}{\376\377\000E\000x\000p\000e\000r\000i\000m\000e\000n\000t\000\040\000B\0003\000:\000\040\000C\000o\000v\000e\000r\000i\000n\000g\000\040\000I\000n\000d\000e\000x}{section.4.3}% 44
\BOOKMARK [3][-]{subsubsection.4.3.5.1}{\376\377\000H\000y\000p\000o\000t\000h\000e\000s\000i\000s}{subsection.4.3.5}% 45
\BOOKMARK [3][-]{subsubsection.4.3.5.2}{\376\377\000R\000e\000s\000u\000l\000t\000s}{subsection.4.3.5}% 46
\BOOKMARK [3][-]{subsubsection.4.3.5.3}{\376\377\000E\000X\000P\000L\000A\000I\000N\000\040\000A\000N\000A\000L\000Y\000Z\000E\000\040\000O\000u\000t\000p\000u\000t}{subsection.4.3.5}% 47
\BOOKMARK [2][-]{subsection.4.3.6}{\376\377\000S\000i\000d\000e\000\040\000b\000y\000\040\000S\000i\000d\000e\000\040\000C\000o\000m\000p\000a\000r\000i\000s\000o\000n}{section.4.3}% 48
\BOOKMARK [1][-]{section.4.4}{\376\377\000Q\000u\000e\000r\000y\000\040\000C\000:\000\040\000B\000r\000e\000a\000k\000i\000n\000g\000\040\000t\000h\000e\000\040\000Q\000u\000a\000d\000r\000a\000t\000i\000c\000\040\000L\000o\000o\000p}{chapter.4}% 49
\BOOKMARK [2][-]{subsection.4.4.1}{\376\377\000T\000h\000e\000\040\000T\000a\000r\000g\000e\000t\000e\000d\000\040\000F\000i\000x}{section.4.4}% 50
\BOOKMARK [2][-]{subsection.4.4.2}{\376\377\000R\000e\000s\000u\000l\000t\000s}{section.4.4}% 51
\BOOKMARK [2][-]{subsection.4.4.3}{\376\377\000E\000X\000P\000L\000A\000I\000N\000\040\000A\000N\000A\000L\000Y\000Z\000E\000:\000\040\000D\000i\000a\000g\000n\000o\000s\000i\000n\000g\000\040\000t\000h\000e\000\040\000R\000e\000m\000a\000i\000n\000i\000n\000g\000\040\000B\000o\000t\000t\000l\000e\000n\000e\000c\000k\000s}{section.4.4}% 52
\BOOKMARK [1][-]{section.4.5}{\376\377\000Q\000u\000e\000r\000y\000\040\000D\000:\000\040\000T\000h\000e\000\040\000W\000i\000n\000d\000o\000w\000\040\000F\000u\000n\000c\000t\000i\000o\000n\000\040\000H\000y\000p\000o\000t\000h\000e\000s\000i\000s}{chapter.4}% 53
\BOOKMARK [2][-]{subsection.4.5.1}{\376\377\000T\000h\000e\000\040\000R\000e\000a\000s\000o\000n\000i\000n\000g\000\040\000B\000e\000h\000i\000n\000d\000\040\000t\000h\000e\000\040\000A\000t\000t\000e\000m\000p\000t}{section.4.5}% 54
\BOOKMARK [2][-]{subsection.4.5.2}{\376\377\000I\000m\000p\000l\000e\000m\000e\000n\000t\000a\000t\000i\000o\000n}{section.4.5}% 55
\BOOKMARK [2][-]{subsection.4.5.3}{\376\377\000M\000e\000a\000s\000u\000r\000e\000d\000\040\000R\000e\000s\000u\000l\000t}{section.4.5}% 56
\BOOKMARK [2][-]{subsection.4.5.4}{\376\377\000R\000o\000o\000t\000\040\000C\000a\000u\000s\000e\000:\000\040\000S\000o\000r\000t\000\040\000B\000u\000f\000f\000e\000r\000\040\000S\000p\000i\000l\000l\000\040\000t\000o\000\040\000D\000i\000s\000k}{section.4.5}% 57
\BOOKMARK [3][-]{subsubsection.4.5.4.1}{\376\377\000H\000o\000w\000\040\000M\000y\000S\000Q\000L\000\040\000E\000x\000e\000c\000u\000t\000e\000s\000\040\000W\000i\000n\000d\000o\000w\000\040\000F\000u\000n\000c\000t\000i\000o\000n\000s}{subsection.4.5.4}% 58
\BOOKMARK [2][-]{subsection.4.5.5}{\376\377\000L\000e\000a\000r\000n\000i\000n\000g\000s\000\040\000f\000r\000o\000m\000\040\000Q\000u\000e\000r\000y\000\040\000D}{section.4.5}% 59
\BOOKMARK [1][-]{section.4.6}{\376\377\000Q\000u\000e\000r\000y\000\040\000E\000:\000\040\000B\000i\000g\000\040\000D\000a\000t\000a\000\040\000P\000r\000i\000n\000c\000i\000p\000l\000e\000s\000\040\000A\000p\000p\000l\000i\000e\000d\000\040\000t\000o\000\040\000M\000y\000S\000Q\000L}{chapter.4}% 60
\BOOKMARK [2][-]{subsection.4.6.1}{\376\377\000S\000c\000h\000e\000m\000a\000\040\000R\000e\000d\000e\000s\000i\000g\000n}{section.4.6}% 61
\BOOKMARK [3][-]{subsubsection.4.6.1.1}{\376\377\000S\000t\000o\000r\000e\000d\000\040\000G\000e\000n\000e\000r\000a\000t\000e\000d\000\040\000C\000o\000l\000u\000m\000n\000s}{subsection.4.6.1}% 62
\BOOKMARK [3][-]{subsubsection.4.6.1.2}{\376\377\000W\000h\000y\000\040\000E\000a\000c\000h\000\040\000I\000n\000d\000e\000x\000\040\000E\000x\000i\000s\000t\000s}{subsection.4.6.1}% 63
\BOOKMARK [2][-]{subsection.4.6.2}{\376\377\000T\000h\000e\000\040\000O\000p\000t\000i\000m\000i\000z\000e\000d\000\040\000Q\000u\000e\000r\000y}{section.4.6}% 64
\BOOKMARK [3][-]{subsubsection.4.6.2.1}{\376\377\000R\000e\000s\000u\000l\000t\000s}{subsection.4.6.2}% 65
\BOOKMARK [1][-]{section.4.7}{\376\377\000P\000e\000r\000f\000o\000r\000m\000a\000n\000c\000e\000\040\000V\000i\000s\000u\000a\000l\000i\000z\000a\000t\000i\000o\000n}{chapter.4}% 66
\BOOKMARK [2][-]{subsection.4.7.1}{\376\377\000Q\000u\000e\000r\000y\000\040\000E\000x\000e\000c\000u\000t\000i\000o\000n\000\040\000T\000i\000m\000e\000\040\000C\000o\000m\000p\000a\000r\000i\000s\000o\000n}{section.4.7}% 67
\BOOKMARK [0][-]{chapter.A}{\376\377\000E\000X\000P\000L\000A\000I\000N\000\040\000A\000N\000A\000L\000Y\000Z\000E\000\040\000T\000r\000a\000c\000e\000s}{}% 68
\BOOKMARK [1][-]{section.A.1}{\376\377\000Q\000u\000e\000r\000y\000\040\000B\000\040\000o\000n\000\040\000s\000t\000o\000p\000s\000B\0001\000\040\000\050\000L\000I\000M\000I\000T\000\040\0005\0000\000\051}{chapter.A}% 69
\BOOKMARK [0][-]{chapter.B}{\376\377\000O\000p\000t\000i\000m\000i\000z\000e\000d\000\040\000T\000a\000b\000l\000e\000\040\000S\000c\000h\000e\000m\000a\000\040\000w\000i\000t\000h\000\040\000S\000t\000o\000r\000e\000d\000\040\000G\000e\000n\000e\000r\000a\000t\000e\000d\000\040\000C\000o\000l\000u\000m\000n\000s}{}% 70
\BOOKMARK [1][-]{section.B.1}{\376\377\000C\000o\000m\000p\000l\000e\000t\000e\000\040\000S\000c\000h\000e\000m\000a\000\040\000D\000e\000f\000i\000n\000i\000t\000i\000o\000n}{chapter.B}% 71
