\BOOKMARK [0][-]{chapter*.3}{\376\377\000A\000c\000k\000n\000o\000w\000l\000e\000d\000g\000m\000e\000n\000t\000s}{}% 1
\BOOKMARK [1][-]{section*.4}{\376\377\000G\000e\000n\000e\000r\000a\000l\000\040\000I\000n\000t\000r\000o\000d\000u\000c\000t\000i\000o\000n}{chapter*.3}% 2
\BOOKMARK [0][-]{chapter.1}{\376\377\000P\000r\000e\000l\000i\000m\000i\000n\000a\000r\000y\000\040\000a\000n\000a\000l\000y\000s\000i\000s}{}% 3
\BOOKMARK [1][-]{section.1.1}{\376\377\000P\000r\000e\000s\000e\000n\000t\000a\000t\000i\000o\000n\000\040\000o\000f\000\040\000t\000h\000e\000\040\000e\000n\000t\000e\000r\000p\000r\000i\000s\000e\000s}{chapter.1}% 4
\BOOKMARK [2][-]{subsection.1.1.1}{\376\377\000T\000e\000c\000h\000n\000i\000q\000u\000e\000\040\000S\000o\000l\000u\000t\000i\000o\000n\000\040\000E\000t\000\040\000I\000n\000n\000o\000v\000a\000t\000i\000o\000n\000\040\000I\000n\000d\000u\000s\000t\000r\000i\000e\000l\000\040\000\050\000T\000S\0002\000I\000\051}{section.1.1}% 5
\BOOKMARK [2][-]{subsection.1.1.2}{\376\377\000T\000E\000S\000C\000A}{section.1.1}% 6
\BOOKMARK [3][-]{subsubsection.1.1.2.1}{\376\377\000P\000r\000e\000s\000e\000n\000t\000a\000t\000i\000o\000n\000\040\000o\000f\000\040\000t\000h\000e\000\040\000c\000o\000m\000p\000a\000n\000y}{subsection.1.1.2}% 7
\BOOKMARK [3][-]{subsubsection.1.1.2.2}{\376\377\000T\000e\000c\000h\000n\000i\000c\000a\000l\000\040\000f\000i\000l\000e}{subsection.1.1.2}% 8
\BOOKMARK [3][-]{subsubsection.1.1.2.3}{\376\377\000O\000r\000g\000a\000n\000i\000z\000a\000t\000i\000o\000n\000a\000l\000\040\000c\000h\000a\000r\000t}{subsection.1.1.2}% 9
\BOOKMARK [1][-]{section.1.2}{\376\377\000C\000a\000s\000e\000\040\000s\000t\000u\000d\000y}{chapter.1}% 10
\BOOKMARK [2][-]{subsection.1.2.1}{\376\377\000O\000v\000e\000r\000v\000i\000e\000w\000\040\000o\000f\000\040\000t\000h\000e\000\040\000E\000x\000i\000s\000t\000i\000n\000g\000\040\000S\000y\000s\000t\000e\000m}{section.1.2}% 11
\BOOKMARK [2][-]{subsection.1.2.2}{\376\377\000C\000r\000i\000t\000i\000c\000i\000s\000m\000\040\000o\000f\000\040\000t\000h\000e\000\040\000e\000x\000i\000s\000t\000i\000n\000g\000\040\000s\000y\000s\000t\000e\000m}{section.1.2}% 12
\BOOKMARK [3][-]{subsubsection.1.2.2.1}{\376\377\000L\000i\000m\000i\000t\000e\000d\000\040\000D\000a\000t\000a\000\040\000A\000n\000a\000l\000y\000s\000i\000s}{subsection.1.2.2}% 13
\BOOKMARK [3][-]{subsubsection.1.2.2.2}{\376\377\000N\000o\000\040\000R\000e\000a\000l\000-\000T\000i\000m\000e\000\040\000M\000a\000n\000a\000g\000e\000r\000\040\000U\000p\000d\000a\000t\000e\000s}{subsection.1.2.2}% 14
\BOOKMARK [3][-]{subsubsection.1.2.2.3}{\376\377\000L\000i\000m\000i\000t\000e\000d\000\040\000P\000e\000r\000f\000o\000r\000m\000a\000n\000c\000e\000\040\000M\000e\000t\000r\000i\000c\000s}{subsection.1.2.2}% 15
\BOOKMARK [3][-]{subsubsection.1.2.2.4}{\376\377\000S\000c\000a\000l\000a\000b\000i\000l\000i\000t\000y\000\040\000C\000o\000n\000c\000e\000r\000n\000s}{subsection.1.2.2}% 16
\BOOKMARK [1][-]{section.1.3}{\376\377\000S\000p\000e\000c\000i\000f\000i\000c\000a\000t\000i\000o\000n\000s\000\040\000B\000o\000o\000k}{chapter.1}% 17
\BOOKMARK [2][-]{subsection.1.3.1}{\376\377\000S\000y\000s\000t\000e\000m\000\040\000O\000v\000e\000r\000v\000i\000e\000w\000\040\000a\000n\000d\000\040\000O\000b\000j\000e\000c\000t\000i\000v\000e\000s}{section.1.3}% 18
\BOOKMARK [2][-]{subsection.1.3.2}{\376\377\000F\000u\000n\000c\000t\000i\000o\000n\000a\000l\000\040\000R\000e\000q\000u\000i\000r\000e\000m\000e\000n\000t\000s}{section.1.3}% 19
\BOOKMARK [2][-]{subsection.1.3.3}{\376\377\000N\000o\000n\000-\000f\000u\000n\000c\000t\000i\000o\000n\000a\000l\000\040\000R\000e\000q\000u\000i\000r\000e\000m\000e\000n\000t\000s}{section.1.3}% 20
\BOOKMARK [2][-]{subsection.1.3.4}{\376\377\000S\000y\000s\000t\000e\000m\000\040\000A\000r\000c\000h\000i\000t\000e\000c\000t\000u\000r\000e}{section.1.3}% 21
\BOOKMARK [1][-]{section.1.4}{\376\377\000M\000o\000d\000e\000l\000i\000n\000g\000\040\000l\000a\000n\000g\000u\000a\000g\000e\000s\000:\000\040\000S\000y\000s\000M\000l}{chapter.1}% 22
\BOOKMARK [0][-]{chapter.2}{\376\377\000A\000r\000c\000h\000i\000t\000e\000c\000t\000u\000r\000e\000\040\000a\000n\000d\000\040\000D\000e\000s\000i\000g\000n}{}% 23
\BOOKMARK [1][-]{section.2.1}{\376\377\000D\000a\000s\000h\000b\000o\000a\000r\000d}{chapter.2}% 24
\BOOKMARK [2][-]{subsection.2.1.1}{\376\377\000U\000s\000e\000\040\000c\000a\000s\000e\000\040\000"\000C\000o\000n\000s\000u\000l\000t\000\040\000o\000v\000e\000r\000v\000i\000e\000w\000"}{section.2.1}% 25
\BOOKMARK [3][-]{subsubsection.2.1.1.1}{\376\377\000S\000e\000q\000u\000e\000n\000c\000e\000\040\000d\000i\000a\000g\000r\000a\000m}{subsection.2.1.1}% 26
\BOOKMARK [3][-]{subsubsection.2.1.1.2}{\376\377\000D\000e\000s\000c\000r\000i\000p\000t\000i\000o\000n}{subsection.2.1.1}% 27
\BOOKMARK [2][-]{subsection.2.1.2}{\376\377\000U\000s\000e\000\040\000c\000a\000s\000e\000\040\000"\000V\000i\000e\000w\000\040\000s\000t\000o\000p\000s\000\040\000s\000u\000m\000m\000a\000r\000y\000"}{section.2.1}% 28
\BOOKMARK [3][-]{subsubsection.2.1.2.1}{\376\377\000S\000e\000q\000u\000e\000n\000c\000e\000\040\000d\000i\000a\000g\000r\000a\000m}{subsection.2.1.2}% 29
\BOOKMARK [3][-]{subsubsection.2.1.2.2}{\376\377\000D\000e\000s\000c\000r\000i\000p\000t\000i\000o\000n}{subsection.2.1.2}% 30
\BOOKMARK [2][-]{subsection.2.1.3}{\376\377\000U\000s\000e\000\040\000c\000a\000s\000e\000\040\000"\000V\000i\000e\000w\000\040\000s\000t\000o\000p\000s\000\040\000d\000e\000t\000a\000i\000l\000s\000"}{section.2.1}% 31
\BOOKMARK [3][-]{subsubsection.2.1.3.1}{\376\377\000S\000e\000q\000u\000e\000n\000c\000e\000\040\000d\000i\000a\000g\000r\000a\000m}{subsection.2.1.3}% 32
\BOOKMARK [3][-]{subsubsection.2.1.3.2}{\376\377\000D\000e\000s\000c\000r\000i\000p\000t\000i\000o\000n}{subsection.2.1.3}% 33
\BOOKMARK [2][-]{subsection.2.1.4}{\376\377\000U\000s\000e\000\040\000c\000a\000s\000e\000\040\000"\000V\000i\000e\000w\000\040\000c\000a\000u\000s\000e\000"}{section.2.1}% 34
\BOOKMARK [3][-]{subsubsection.2.1.4.1}{\376\377\000S\000e\000q\000u\000e\000n\000c\000e\000\040\000d\000i\000a\000g\000r\000a\000m}{subsection.2.1.4}% 35
\BOOKMARK [3][-]{subsubsection.2.1.4.2}{\376\377\000D\000e\000s\000c\000r\000i\000p\000t\000i\000o\000n}{subsection.2.1.4}% 36
\BOOKMARK [2][-]{subsection.2.1.5}{\376\377\000U\000s\000e\000\040\000c\000a\000s\000e\000\040\000"\000C\000r\000e\000a\000t\000e\000\040\000c\000a\000u\000s\000e\000"}{section.2.1}% 37
\BOOKMARK [3][-]{subsubsection.2.1.5.1}{\376\377\000S\000e\000q\000u\000e\000n\000c\000e\000\040\000d\000i\000a\000g\000r\000a\000m}{subsection.2.1.5}% 38
\BOOKMARK [3][-]{subsubsection.2.1.5.2}{\376\377\000D\000e\000s\000c\000r\000i\000p\000t\000i\000o\000n}{subsection.2.1.5}% 39
\BOOKMARK [2][-]{subsection.2.1.6}{\376\377\000U\000s\000e\000\040\000c\000a\000s\000e\000\040\000"\000D\000e\000l\000e\000t\000e\000\040\000c\000a\000u\000s\000e\000"}{section.2.1}% 40
\BOOKMARK [3][-]{subsubsection.2.1.6.1}{\376\377\000S\000e\000q\000u\000e\000n\000c\000e\000\040\000d\000i\000a\000g\000r\000a\000m}{subsection.2.1.6}% 41
\BOOKMARK [3][-]{subsubsection.2.1.6.2}{\376\377\000D\000e\000s\000c\000r\000i\000p\000t\000i\000o\000n}{subsection.2.1.6}% 42
\BOOKMARK [2][-]{subsection.2.1.7}{\376\377\000U\000s\000e\000\040\000c\000a\000s\000e\000\040\000"\000V\000i\000e\000w\000\040\000Y\000a\000r\000d\000a\000g\000e\000\040\000s\000t\000a\000t\000i\000s\000t\000i\000c\000s\000"}{section.2.1}% 43
\BOOKMARK [3][-]{subsubsection.2.1.7.1}{\376\377\000S\000e\000q\000u\000e\000n\000c\000e\000\040\000d\000i\000a\000g\000r\000a\000m}{subsection.2.1.7}% 44
\BOOKMARK [3][-]{subsubsection.2.1.7.2}{\376\377\000D\000e\000s\000c\000r\000i\000p\000t\000i\000o\000n}{subsection.2.1.7}% 45
\BOOKMARK [2][-]{subsection.2.1.8}{\376\377\000U\000s\000e\000\040\000c\000a\000s\000e\000\040\000"\000V\000i\000e\000w\000\040\000s\000p\000e\000e\000d\000\040\000s\000t\000a\000t\000i\000s\000t\000i\000c\000s\000"}{section.2.1}% 46
\BOOKMARK [3][-]{subsubsection.2.1.8.1}{\376\377\000S\000e\000q\000u\000e\000n\000c\000e\000\040\000d\000i\000a\000g\000r\000a\000m}{subsection.2.1.8}% 47
\BOOKMARK [3][-]{subsubsection.2.1.8.2}{\376\377\000D\000e\000s\000c\000r\000i\000p\000t\000i\000o\000n}{subsection.2.1.8}% 48
\BOOKMARK [2][-]{subsection.2.1.9}{\376\377\000U\000s\000e\000\040\000c\000a\000s\000e\000\040\000"\000E\000x\000p\000o\000r\000t\000\040\000d\000a\000t\000a\000\040\000t\000o\000\040\000E\000x\000c\000e\000l\000"}{section.2.1}% 49
\BOOKMARK [3][-]{subsubsection.2.1.9.1}{\376\377\000S\000e\000q\000u\000e\000n\000c\000e\000\040\000d\000i\000a\000g\000r\000a\000m}{subsection.2.1.9}% 50
\BOOKMARK [3][-]{subsubsection.2.1.9.2}{\376\377\000D\000e\000s\000c\000r\000i\000p\000t\000i\000o\000n}{subsection.2.1.9}% 51
\BOOKMARK [1][-]{section.2.2}{\376\377\000C\000A\000D\000\040\000C\000o\000r\000r\000e\000c\000t\000i\000o\000n\000\040\000a\000n\000d\000\040\000T\000e\000c\000h\000n\000i\000c\000a\000l\000\040\000R\000e\000v\000i\000s\000i\000o\000n}{chapter.2}% 52
\BOOKMARK [1][-]{section.2.3}{\376\377\000E\000x\000i\000s\000t\000i\000n\000g\000\040\000M\000a\000c\000h\000i\000n\000e\000\040\000a\000n\000d\000\040\000F\000u\000n\000c\000t\000i\000o\000n\000a\000l\000\040\000R\000e\000f\000e\000r\000e\000n\000c\000e}{chapter.2}% 53
\BOOKMARK [2][-]{subsection.2.3.1}{\376\377\000C\000o\000m\000p\000l\000e\000t\000e\000\040\000a\000s\000s\000e\000m\000b\000l\000y\000\040\000v\000i\000e\000w}{section.2.3}% 54
\BOOKMARK [1][-]{section.2.4}{\376\377\000C\000A\000D\000\040\000A\000s\000s\000e\000m\000b\000l\000y\000\040\000C\000o\000r\000r\000e\000c\000t\000i\000o\000n}{chapter.2}% 55
\BOOKMARK [2][-]{subsection.2.4.1}{\376\377\000M\000a\000t\000e\000\040\000r\000e\000v\000i\000e\000w\000\040\000m\000e\000t\000h\000o\000d}{section.2.4}% 56
\BOOKMARK [2][-]{subsection.2.4.2}{\376\377\000F\000i\000n\000a\000l\000\040\000a\000s\000s\000e\000m\000b\000l\000y\000\040\000v\000a\000l\000i\000d\000a\000t\000i\000o\000n}{section.2.4}% 57
\BOOKMARK [1][-]{section.2.5}{\376\377\000I\000n\000d\000u\000s\000t\000r\000i\000a\000l\000\040\000T\000i\000t\000l\000e\000\040\000B\000l\000o\000c\000k\000\040\000S\000t\000a\000n\000d\000a\000r\000d\000i\000z\000a\000t\000i\000o\000n}{chapter.2}% 58
\BOOKMARK [1][-]{section.2.6}{\376\377\000T\000e\000c\000h\000n\000i\000c\000a\000l\000\040\000D\000r\000a\000w\000i\000n\000g\000\040\000P\000a\000c\000k\000a\000g\000e}{chapter.2}% 59
\BOOKMARK [2][-]{subsection.2.6.1}{\376\377\000D\000r\000a\000w\000i\000n\000g\000\040\000p\000a\000c\000k\000a\000g\000e\000\040\000o\000r\000g\000a\000n\000i\000z\000a\000t\000i\000o\000n}{section.2.6}% 60
\BOOKMARK [2][-]{subsection.2.6.2}{\376\377\000R\000e\000q\000u\000i\000r\000e\000d\000\040\000v\000i\000e\000w\000s\000\040\000f\000o\000r\000\040\000t\000h\000e\000\040\000p\000a\000r\000t\000s}{section.2.6}% 61
\BOOKMARK [1][-]{section.2.7}{\376\377\000M\000e\000c\000h\000a\000n\000i\000c\000a\000l\000\040\000R\000e\000a\000d\000i\000n\000g\000\040\000A\000f\000t\000e\000r\000\040\000C\000o\000r\000r\000e\000c\000t\000i\000o\000n}{chapter.2}% 62
\BOOKMARK [2][-]{subsection.2.7.1}{\376\377\000C\000A\000D\000\040\000v\000i\000e\000w\000s\000\040\000o\000f\000\040\000t\000h\000e\000\040\000f\000u\000n\000c\000t\000i\000o\000n\000a\000l\000\040\000b\000l\000o\000c\000k\000s}{section.2.7}% 63
\BOOKMARK [3][-]{subsubsection.2.7.1.1}{\376\377\000U\000n\000w\000i\000n\000d\000i\000n\000g\000\040\000U\000n\000i\000t\000\040\040\023\000\040\000I\000n\000p\000u\000t\000\040\000R\000o\000l\000l\000\040\000a\000n\000d\000\040\000D\000r\000i\000v\000e\000\040\000S\000u\000p\000p\000o\000r\000t}{subsection.2.7.1}% 64
\BOOKMARK [3][-]{subsubsection.2.7.1.2}{\376\377\000I\000n\000s\000p\000e\000c\000t\000i\000o\000n\000\040\000U\000n\000i\000t\000\040\040\023\000\040\000C\000e\000n\000t\000r\000a\000l\000\040\000V\000i\000e\000w\000i\000n\000g\000\040\000a\000n\000d\000\040\000G\000u\000i\000d\000i\000n\000g\000\040\000S\000e\000c\000t\000i\000o\000n}{subsection.2.7.1}% 65
\BOOKMARK [3][-]{subsubsection.2.7.1.3}{\376\377\000R\000e\000w\000i\000n\000d\000i\000n\000g\000\040\000U\000n\000i\000t\000\040\040\023\000\040\000O\000u\000t\000p\000u\000t\000\040\000R\000o\000l\000l\000\040\000a\000n\000d\000\040\000T\000a\000k\000e\000-\000u\000p\000\040\000D\000r\000i\000v\000e}{subsection.2.7.1}% 66
\BOOKMARK [1][-]{figure.caption.33}{\376\377\000C\000o\000n\000c\000l\000u\000s\000i\000o\000n}{chapter.2}% 67
\BOOKMARK [0][-]{chapter.3}{\376\377\000R\000e\000a\000l\000i\000s\000a\000t\000i\000o\000n}{}% 68
\BOOKMARK [1][-]{section.3.1}{\376\377\000D\000a\000s\000h\000b\000o\000a\000r\000d\000\040\000R\000e\000a\000l\000i\000s\000a\000t\000i\000o\000n}{chapter.3}% 69
\BOOKMARK [2][-]{subsection.3.1.1}{\376\377\000O\000v\000e\000r\000v\000i\000e\000w\000\040\000D\000a\000s\000h\000b\000o\000a\000r\000d\000\040\000-\000\040\000S\000i\000n\000g\000l\000e\000-\000D\000a\000y\000\040\000M\000o\000d\000e}{section.3.1}% 70
\BOOKMARK [2][-]{subsection.3.1.2}{\376\377\000O\000v\000e\000r\000v\000i\000e\000w\000\040\000D\000a\000s\000h\000b\000o\000a\000r\000d\000\040\000-\000\040\000P\000e\000r\000i\000o\000d\000\040\000M\000o\000d\000e}{section.3.1}% 71
\BOOKMARK [2][-]{subsection.3.1.3}{\376\377\000S\000t\000o\000p\000s\000\040\000a\000n\000d\000\040\000A\000n\000a\000l\000y\000t\000i\000c\000s\000\040\000P\000a\000g\000e}{section.3.1}% 72
\BOOKMARK [1][-]{section.3.2}{\376\377\000O\000p\000e\000r\000a\000t\000i\000o\000n\000a\000l\000\040\000C\000o\000n\000t\000e\000x\000t\000\040\000a\000n\000d\000\040\000P\000e\000r\000f\000o\000r\000m\000a\000n\000c\000e\000\040\000M\000e\000t\000r\000i\000c}{chapter.3}% 73
\BOOKMARK [1][-]{section.3.3}{\376\377\000B\000a\000s\000e\000l\000i\000n\000e\000\040\000D\000i\000a\000g\000n\000o\000s\000i\000s\000:\000\040\000Q\000u\000e\000r\000y\000\040\000A}{chapter.3}% 74
\BOOKMARK [1][-]{section.3.4}{\376\377\000O\000p\000t\000i\000m\000i\000s\000a\000t\000i\000o\000n\000\040\000P\000a\000t\000h}{chapter.3}% 75
\BOOKMARK [2][-]{subsection.3.4.1}{\376\377\000I\000n\000d\000e\000x\000-\000O\000n\000l\000y\000\040\000E\000x\000p\000e\000r\000i\000m\000e\000n\000t\000s}{section.3.4}% 76
\BOOKMARK [2][-]{subsection.3.4.2}{\376\377\000A\000l\000g\000o\000r\000i\000t\000h\000m\000i\000c\000\040\000R\000e\000w\000r\000i\000t\000e\000:\000\040\000Q\000u\000e\000r\000y\000\040\000C}{section.3.4}% 77
\BOOKMARK [2][-]{subsection.3.4.3}{\376\377\000W\000i\000n\000d\000o\000w\000\040\000F\000u\000n\000c\000t\000i\000o\000n\000\040\000T\000e\000s\000t\000:\000\040\000Q\000u\000e\000r\000y\000\040\000D}{section.3.4}% 78
\BOOKMARK [1][-]{section.3.5}{\376\377\000F\000i\000n\000a\000l\000\040\000A\000r\000c\000h\000i\000t\000e\000c\000t\000u\000r\000e\000:\000\040\000Q\000u\000e\000r\000y\000\040\000E}{chapter.3}% 79
\BOOKMARK [2][-]{subsection.3.5.1}{\376\377\000S\000t\000o\000r\000e\000d\000\040\000G\000e\000n\000e\000r\000a\000t\000e\000d\000\040\000C\000o\000l\000u\000m\000n\000s}{section.3.5}% 80
\BOOKMARK [2][-]{subsection.3.5.2}{\376\377\000I\000n\000d\000e\000x\000\040\000D\000e\000s\000i\000g\000n}{section.3.5}% 81
\BOOKMARK [2][-]{subsection.3.5.3}{\376\377\000O\000p\000t\000i\000m\000i\000s\000e\000d\000\040\000Q\000u\000e\000r\000y}{section.3.5}% 82
\BOOKMARK [1][-]{section.3.6}{\376\377\000R\000e\000s\000u\000l\000t\000s\000\040\000a\000n\000d\000\040\000D\000i\000s\000c\000u\000s\000s\000i\000o\000n}{chapter.3}% 83
\BOOKMARK [1][-]{figure.caption.44}{\376\377\000C\000o\000n\000c\000l\000u\000s\000i\000o\000n}{chapter.3}% 84
\BOOKMARK [0][-]{chapter.4}{\376\377\000E\000x\000t\000e\000n\000s\000i\000o\000n\000\040\000o\000f\000\040\000t\000h\000e\000\040\000S\000u\000p\000e\000r\000v\000i\000s\000i\000o\000n\000\040\000A\000r\000c\000h\000i\000t\000e\000c\000t\000u\000r\000e\000\040\000t\000o\000\040\000V\000i\000s\000i\000t\000e\000u\000s\000e\000\040\0002}{}% 85
\BOOKMARK [1][-]{section*.45}{\376\377\000I\000n\000t\000r\000o\000d\000u\000c\000t\000i\000o\000n}{chapter.4}% 86
\BOOKMARK [1][-]{section.4.1}{\376\377\000P\000o\000s\000i\000t\000i\000o\000n\000i\000n\000g\000\040\000o\000f\000\040\000t\000h\000e\000\040\000E\000x\000t\000e\000n\000s\000i\000o\000n}{chapter.4}% 87
\BOOKMARK [2][-]{subsection.4.1.1}{\376\377\000E\000x\000t\000e\000n\000s\000i\000o\000n\000\040\000B\000e\000y\000o\000n\000d\000\040\000t\000h\000e\000\040\000I\000n\000i\000t\000i\000a\000l\000\040\000S\000p\000e\000c\000i\000f\000i\000c\000a\000t\000i\000o\000n\000s}{section.4.1}% 88
\BOOKMARK [2][-]{subsection.4.1.2}{\376\377\000T\000e\000c\000h\000n\000i\000c\000a\000l\000\040\000O\000b\000j\000e\000c\000t\000i\000v\000e\000s}{section.4.1}% 89
\BOOKMARK [1][-]{section.4.2}{\376\377\000I\000m\000p\000l\000e\000m\000e\000n\000t\000a\000t\000i\000o\000n\000\040\000M\000e\000t\000h\000o\000d\000o\000l\000o\000g\000y}{chapter.4}% 90
\BOOKMARK [2][-]{subsection.4.2.1}{\376\377\000A\000d\000o\000p\000t\000e\000d\000\040\000W\000o\000r\000k\000\040\000M\000e\000t\000h\000o\000d\000o\000l\000o\000g\000y}{section.4.2}% 91
\BOOKMARK [2][-]{subsection.4.2.2}{\376\377\000P\000r\000e\000s\000e\000r\000v\000e\000d\000\040\000F\000u\000n\000c\000t\000i\000o\000n\000a\000l\000\040\000P\000r\000i\000n\000c\000i\000p\000l\000e}{section.4.2}% 92
\BOOKMARK [1][-]{section.4.3}{\376\377\000P\000r\000o\000g\000r\000a\000m\000m\000i\000n\000g\000\040\000a\000n\000d\000\040\000C\000o\000n\000t\000r\000o\000l\000\040\000L\000o\000g\000i\000c}{chapter.4}% 93
\BOOKMARK [2][-]{subsection.4.3.1}{\376\377\000L\000a\000d\000d\000e\000r\000\040\000D\000e\000v\000e\000l\000o\000p\000m\000e\000n\000t\000\040\000i\000n\000\040\000A\000u\000t\000o\000S\000t\000u\000d\000i\000o}{section.4.3}% 94
\BOOKMARK [2][-]{subsection.4.3.2}{\376\377\000T\000i\000m\000e\000r\000\040\000A\000d\000a\000p\000t\000a\000t\000i\000o\000n\000\040\000T\000h\000r\000o\000u\000g\000h\000\040\000T\000O\000N\000\040\000B\000l\000o\000c\000k\000s}{section.4.3}% 95
\BOOKMARK [2][-]{subsection.4.3.3}{\376\377\000P\000L\000C\000\040\000S\000y\000n\000c\000h\000r\000o\000n\000i\000z\000a\000t\000i\000o\000n\000\040\000a\000n\000d\000\040\000V\000a\000r\000i\000a\000b\000l\000e\000s\000\040\000U\000s\000e\000d}{section.4.3}% 96
\BOOKMARK [2][-]{subsection.4.3.4}{\376\377\000T\000i\000m\000e\000s\000t\000a\000m\000p\000\040\000R\000e\000g\000i\000s\000t\000e\000r\000\040\000F\000o\000r\000m\000a\000t}{section.4.3}% 97
\BOOKMARK [2][-]{subsection.4.3.5}{\376\377\000S\000t\000o\000p\000-\000C\000a\000u\000s\000e\000\040\000E\000n\000c\000o\000d\000i\000n\000g}{section.4.3}% 98
\BOOKMARK [1][-]{section.4.4}{\376\377\000I\000n\000d\000u\000s\000t\000r\000i\000a\000l\000\040\000C\000o\000n\000n\000e\000c\000t\000i\000v\000i\000t\000y\000\040\000a\000n\000d\000\040\000S\000Q\000L\000\040\000I\000n\000t\000e\000g\000r\000a\000t\000i\000o\000n}{chapter.4}% 99
\BOOKMARK [2][-]{subsection.4.4.1}{\376\377\000N\000o\000d\000e\000-\000R\000E\000D\000\040\000C\000o\000n\000f\000i\000g\000u\000r\000a\000t\000i\000o\000n\000\040\000f\000o\000r\000\040\000t\000h\000e\000\040\000V\000e\000i\000c\000h\000i\000\040\000P\000r\000o\000f\000i\000l\000e}{section.4.4}% 100
\BOOKMARK [2][-]{subsection.4.4.2}{\376\377\000R\000e\000a\000d\000i\000n\000g\000\040\000S\000t\000o\000p\000\040\000D\000a\000t\000a}{section.4.4}% 101
\BOOKMARK [2][-]{subsection.4.4.3}{\376\377\000I\000n\000t\000e\000g\000r\000a\000t\000i\000o\000n\000\040\000w\000i\000t\000h\000\040\000t\000h\000e\000\040\000E\000x\000i\000s\000t\000i\000n\000g\000\040\000S\000Q\000L\000\040\000R\000e\000c\000o\000r\000d\000i\000n\000g\000\040\000L\000o\000g\000i\000c}{section.4.4}% 102
\BOOKMARK [1][-]{section.4.5}{\376\377\000D\000e\000v\000e\000l\000o\000p\000m\000e\000n\000t\000\040\000o\000f\000\040\000S\000u\000p\000e\000r\000v\000i\000s\000i\000o\000n\000\040\000I\000n\000t\000e\000r\000f\000a\000c\000e\000s}{chapter.4}% 103
\BOOKMARK [2][-]{subsection.4.5.1}{\376\377\000L\000o\000c\000a\000l\000\040\000V\000e\000i\000c\000h\000i\000\040\000H\000M\000I\000\040\000D\000e\000v\000e\000l\000o\000p\000e\000d\000\040\000w\000i\000t\000h\000\040\000V\000I\0002\0000}{section.4.5}% 104
\BOOKMARK [2][-]{subsection.4.5.2}{\376\377\000C\000e\000n\000t\000r\000a\000l\000i\000z\000e\000d\000\040\000W\000e\000b\000\040\000H\000M\000I}{section.4.5}% 105
\BOOKMARK [2][-]{subsection.4.5.3}{\376\377\000C\000o\000m\000p\000l\000e\000m\000e\000n\000t\000a\000r\000i\000t\000y\000\040\000B\000e\000t\000w\000e\000e\000n\000\040\000t\000h\000e\000\040\000L\000o\000c\000a\000l\000\040\000H\000M\000I\000\040\000a\000n\000d\000\040\000t\000h\000e\000\040\000W\000e\000b\000\040\000H\000M\000I}{section.4.5}% 106
\BOOKMARK [1][-]{section.4.6}{\376\377\000F\000u\000n\000c\000t\000i\000o\000n\000a\000l\000\040\000V\000a\000l\000i\000d\000a\000t\000i\000o\000n\000\040\000o\000f\000\040\000t\000h\000e\000\040\000E\000x\000t\000e\000n\000s\000i\000o\000n}{chapter.4}% 107
\BOOKMARK [2][-]{subsection.4.6.1}{\376\377\000T\000e\000s\000t\000\040\000S\000c\000e\000n\000a\000r\000i\000o\000s}{section.4.6}% 108
\BOOKMARK [2][-]{subsection.4.6.2}{\376\377\000R\000e\000s\000u\000l\000t\000s\000\040\000O\000b\000t\000a\000i\000n\000e\000d}{section.4.6}% 109
\BOOKMARK [2][-]{subsection.4.6.3}{\376\377\000I\000n\000d\000u\000s\000t\000r\000i\000a\000l\000\040\000L\000i\000m\000i\000t\000s\000\040\000a\000n\000d\000\040\000H\000a\000r\000d\000e\000n\000i\000n\000g\000\040\000P\000o\000i\000n\000t\000s}{section.4.6}% 110
\BOOKMARK [1][-]{section.4.7}{\376\377\000C\000o\000n\000t\000r\000i\000b\000u\000t\000i\000o\000n\000\040\000o\000f\000\040\000t\000h\000e\000\040\000E\000x\000t\000e\000n\000s\000i\000o\000n\000\040\000t\000o\000\040\000t\000h\000e\000\040\000P\000r\000o\000j\000e\000c\000t}{chapter.4}% 111
\BOOKMARK [2][-]{subsection.4.7.1}{\376\377\000T\000e\000c\000h\000n\000i\000c\000a\000l\000\040\000C\000o\000n\000t\000r\000i\000b\000u\000t\000i\000o\000n}{section.4.7}% 112
\BOOKMARK [2][-]{subsection.4.7.2}{\376\377\000I\000n\000d\000u\000s\000t\000r\000i\000a\000l\000\040\000C\000o\000n\000t\000r\000i\000b\000u\000t\000i\000o\000n}{section.4.7}% 113
\BOOKMARK [2][-]{subsection.4.7.3}{\376\377\000P\000e\000r\000s\000o\000n\000a\000l\000\040\000a\000n\000d\000\040\000P\000e\000d\000a\000g\000o\000g\000i\000c\000a\000l\000\040\000C\000o\000n\000t\000r\000i\000b\000u\000t\000i\000o\000n}{section.4.7}% 114
\BOOKMARK [1][-]{subsection.4.7.3}{\376\377\000C\000o\000n\000c\000l\000u\000s\000i\000o\000n}{chapter.4}% 115
\BOOKMARK [0][-]{chapter.A}{\376\377\000E\000X\000P\000L\000A\000I\000N\000\040\000A\000N\000A\000L\000Y\000Z\000E\000\040\000T\000r\000a\000c\000e\000s}{}% 116
\BOOKMARK [1][-]{section.A.1}{\376\377\000Q\000u\000e\000r\000y\000\040\000B\000\040\000o\000n\000\040\000s\000t\000o\000p\000s\000B\0001\000\040\000\050\000L\000I\000M\000I\000T\000\040\0005\0000\000\051}{chapter.A}% 117
\BOOKMARK [0][-]{chapter.B}{\376\377\000O\000p\000t\000i\000m\000i\000z\000e\000d\000\040\000T\000a\000b\000l\000e\000\040\000S\000c\000h\000e\000m\000a\000\040\000w\000i\000t\000h\000\040\000S\000t\000o\000r\000e\000d\000\040\000G\000e\000n\000e\000r\000a\000t\000e\000d\000\040\000C\000o\000l\000u\000m\000n\000s}{}% 118
\BOOKMARK [1][-]{section.B.1}{\376\377\000C\000o\000m\000p\000l\000e\000t\000e\000\040\000S\000c\000h\000e\000m\000a\000\040\000D\000e\000f\000i\000n\000i\000t\000i\000o\000n}{chapter.B}% 119
